Warning: The hierarchical cell 'router_inst/arbiter_pipeline_loop_0__arbiter_pipeline_inst' is an empty cell (PWR-278)
Warning: The hierarchical cell 'router_inst/arbiter_pipeline_loop_2__arbiter_pipeline_inst' is an empty cell (PWR-278)
Warning: The hierarchical cell 'router_inst/arbiter_pipeline_loop_1__arbiter_pipeline_inst' is an empty cell (PWR-278)
Warning: The hierarchical cell 'router_inst/arbiter_pipeline_loop_3__arbiter_pipeline_inst' is an empty cell (PWR-278)
Warning: The hierarchical cell 'router_inst/arbiter_pipeline_loop_4__arbiter_pipeline_inst' is an empty cell (PWR-278)
Warning: Neither event file or switching activity data present for power estimation. The command will propagate switching activity values for power calculation.  (PWR-246)
Information: Running switching activity propagation with 4 threads!
Information: Running averaged power analysis... (PWR-601)
Information: Running power calculation with 4 threads. (PWR-602)
****************************************
Report : Averaged Power
Design : axis_router
Version: T-2022.03-SP5-5
Date   : Wed Mar  5 17:36:43 2025
****************************************



  Attributes
  ----------
      i  -  Including register clock pin internal power
      u  -  User defined power group

                        Internal  Switching  Leakage    Total
Power Group             Power     Power      Power      Power   (     %)  Attrs
--------------------------------------------------------------------------------
clock_network           3.656e-03 1.168e-03 1.540e-05 4.839e-03 (80.24%)  i
register                4.057e-04 7.170e-05 2.438e-04 7.212e-04 (11.96%)  
combinational           1.582e-04 2.147e-04 9.751e-05 4.705e-04 ( 7.80%)  
sequential                 0.0000    0.0000    0.0000    0.0000 ( 0.00%)  
memory                     0.0000    0.0000    0.0000    0.0000 ( 0.00%)  
io_pad                     0.0000    0.0000    0.0000    0.0000 ( 0.00%)  
black_box                  0.0000    0.0000    0.0000    0.0000 ( 0.00%)  

  Net Switching Power  = 1.455e-03   (24.12%)
  Cell Internal Power  = 4.220e-03   (69.97%)
  Cell Leakage Power   = 3.567e-04   ( 5.91%)
                         ---------
Total Power            = 6.031e-03  (100.00%)

1
